// Jest Snapshot v1, https://goo.gl/fbAQLP

exports[`<Card /> should match snapshot 1`] = `
.c9 {
  color: rgba(58,52,51,1);
  font-weight: 500;
}

.c8 {
  padding: 0 0.8rem;
  border-radius: 0.25rem;
  display: -webkit-box;
  display: -webkit-flex;
  display: -ms-flexbox;
  display: flex;
  -webkit-align-items: center;
  -webkit-box-align: center;
  -ms-flex-align: center;
  align-items: center;
}

.c7 {
  color: rgba(58,52,51,1);
  font-size: 1.25rem;
}

.c5 {
  width: 100%;
  height: 3.2rem;
  color: rgba(58,52,51,1) display:flex;
  padding: 0.8rem;
  -webkit-align-items: center;
  -webkit-box-align: center;
  -ms-flex-align: center;
  align-items: center;
  border-bottom: 2px solid rgba(58,52,51,0.05);
}

.c6 {
  padding: 0.25rem;
}

.c1 {
  width: 100%;
  height: 3.2rem;
  border-radius: 0.25rem;
  display: -webkit-box;
  display: -webkit-flex;
  display: -ms-flexbox;
  display: flex;
  -webkit-box-pack: center;
  -webkit-justify-content: center;
  -ms-flex-pack: center;
  justify-content: center;
  -webkit-align-items: center;
  -webkit-box-align: center;
  -ms-flex-align: center;
  align-items: center;
}

.c2 {
  width: 100%;
  border-radius: 0.25rem;
  display: -webkit-box;
  display: -webkit-flex;
  display: -ms-flexbox;
  display: flex;
  -webkit-box-pack: center;
  -webkit-justify-content: center;
  -ms-flex-pack: center;
  justify-content: center;
  -webkit-align-items: center;
  -webkit-box-align: center;
  -ms-flex-align: center;
  align-items: center;
  position: relative;
}

.c3 {
  width: 100%;
  height: 100%;
}

.c4 {
  display: -webkit-box;
  display: -webkit-flex;
  display: -ms-flexbox;
  display: flex;
  -webkit-box-pack: center;
  -webkit-justify-content: center;
  -ms-flex-pack: center;
  justify-content: center;
  -webkit-align-items: center;
  -webkit-box-align: center;
  -ms-flex-align: center;
  align-items: center;
  width: -webkit-max-content;
  width: -moz-max-content;
  width: max-content;
  padding: 0.75rem;
  height: 3rem;
  background-color: #fff;
  position: absolute;
  bottom: 1.8rem;
  left: 1.2rem;
  border-radius: 1.5rem;
  color: #000;
}

.c0 {
  width: 28rem;
  border-radius: 0.75rem;
  background-color: rgba(255,255,255,1);
  border: 1px solid rgba(58,52,51,0.05);
  box-shadow: 0px 4px 6px -1px rgba(0,0,0,0.1),0px 2px 4px -1px rgba(0,0,0,0.06);
  display: -webkit-box;
  display: -webkit-flex;
  display: -ms-flexbox;
  display: flex;
  -webkit-box-pack: center;
  -webkit-justify-content: center;
  -ms-flex-pack: center;
  justify-content: center;
  -webkit-align-items: flex-start;
  -webkit-box-align: flex-start;
  -ms-flex-align: flex-start;
  align-items: flex-start;
  -webkit-flex-direction: column;
  -ms-flex-direction: column;
  flex-direction: column;
}

@media only screen and (max-width:600px) {
  .c0 {
    width: 21rem;
  }
}

@media only screen and (min-width:600px) {
  .c0 {
    width: 22rem;
  }
}

@media only screen and (min-width:768px) {
  .c0 {
    width: 23rem;
  }
}

@media only screen and (min-width:992px) {
  .c0 {
    width: 26rem;
  }
}

@media only screen and (min-width:1200px) {
  .c0 {
    width: 28rem;
  }
}

<div>
  <div
    class="c0"
  >
    <div
      class="c1"
    >
      Projects
    </div>
    <div
      class="c2"
    >
      <img
        class="c3"
        src="hello"
      />
      <div
        class="c4"
      >
        Law Codes
      </div>
    </div>
    <div
      class="c5"
    >
      <div
        class="c6"
      >
        <h1
          class="c7"
        >
          Projects
        </h1>
      </div>
    </div>
    <div
      class="c8"
    >
      <div
        class=""
      >
        <h4
          class="c9"
        >
          Edited
        </h4>
      </div>
    </div>
  </div>
</div>
`;
