// Jest Snapshot v1, https://goo.gl/fbAQLP

exports[`<ProjectPage /> should render and match the snapshot 1`] = `
<React.Fragment>
  <Helmet
    defer={true}
    encodeSpecialCharacters={true}
    prioritizeSeoTags={false}
  >
    <title>
      ProjectDashboard Page
    </title>
    <meta
      content="A React Boilerplate application homepage"
      name="description"
    />
  </Helmet>
  <styled.div>
    <styled.div>
      <SideBar />
      <styled.div>
        <NavBar />
        <styled.div>
          <Unknown />
        </styled.div>
      </styled.div>
    </styled.div>
  </styled.div>
</React.Fragment>
`;
