// Jest Snapshot v1, https://goo.gl/fbAQLP

exports[`<Nav /> should match the snapshot 1`] = `
.c0 {
  display: -webkit-box;
  display: -webkit-flex;
  display: -ms-flexbox;
  display: flex;
  -webkit-flex-direction: column;
  -ms-flex-direction: column;
  flex-direction: column;
  margin-right: -1rem;
}

.c1 {
  margin: 0;
  padding: 0;
}

.c3 {
  padding: 0.5rem 0;
  margin: 0.2rem 1rem 0.2rem 0;
  list-style: none;
}

.c3:hover {
  opacity: 0.8;
  background-color: rgb(0 0 0 / 90%);
  border-radius: 0.25rem;
}

.c4 {
  cursor: pointer;
  -webkit-text-decoration: none;
  text-decoration: none;
  display: -webkit-box;
  display: -webkit-flex;
  display: -ms-flexbox;
  display: flex;
  padding: 0.25rem 1rem;
  font-size: 0.875rem;
  font-weight: 500;
  -webkit-align-items: center;
  -webkit-box-align: center;
  -ms-flex-align: center;
  align-items: center;
}

.c4:hover,
.c4 .c2 {
  color: #ffff;
}

.c4 .icon {
  margin-right: 0.25rem;
}

<div
  class="c0"
>
  <ul
    class="c1"
  >
    <li
      class="c2 c3"
    >
      <a
        class="c4"
        href="/dashboard/1"
        rel="noopener noreferrer"
        target="_blank"
        title="Documentation Page"
      >
        <svg>
          dashboard-icon.svg
        </svg>
        Home
      </a>
    </li>
    <li
      class="c2 c3"
    >
      <a
        class="c4"
        href="https://github.com/react-boilerplate/react-boilerplate-cra-template"
        rel="noopener noreferrer"
        target="_blank"
        title="Github Page"
      >
        <svg>
          settings-icon.svg
        </svg>
        Setting
      </a>
    </li>
  </ul>
</div>
`;
