// Jest Snapshot v1, https://goo.gl/fbAQLP

exports[`<Upgrade /> should match snapshot 1`] = `
<Upgrade__Container>
  <Upgrade__Content>
    <P>
      Upgrade Your Plan Now
    </P>
    <Upgrade__ButtonWarper>
      <styled.button
        onClick={[Function]}
      >
        Upgrade
      </styled.button>
    </Upgrade__ButtonWarper>
  </Upgrade__Content>
</Upgrade__Container>
`;
